1>El grafo leído es:
Imprimiendo Grafo
Cantidad de vértices: 10
Cantidad de aristas: 16
1: (2,5)(3,3)(4,6).
2: (1,5)(3,2)(6,16)(7,13).
3: (1,3)(2,2)(4,4)(5,7).
4: (1,6)(3,4)(5,1)(8,20).
5: (3,7)(4,1)(7,14)(9,9).
6: (2,16)(7,15).
7: (2,13)(5,14)(6,15)(10,12).
8: (4,20)(9,11).
9: (5,9)(8,11)(10,10).
10: (7,12)(9,10).
2>El costo del MST es: 67, y el MST:
Imprimiendo Grafo
Cantidad de vértices: 10
Cantidad de aristas: 9
1: (3,3).
2: (3,2).
3: (1,3)(2,2)(4,4).
4: (3,4)(5,1).
5: (4,1)(9,9).
6: (7,15).
7: (6,15)(10,12).
8: (9,11).
9: (5,9)(8,11)(10,10).
10: (7,12)(9,10).
3>Imprimiendo Grafo
Cantidad de vértices: 10
Cantidad de aristas: 9
1: (3,3).
2: (3,2).
3: (1,3)(2,2)(4,4).
4: (3,4)(5,1).
5: (4,1)(9,9).
6: (7,15).
7: (6,15)(9,8).
8: (9,11).
9: (5,9)(7,8)(8,11)(10,10).
10: (9,10).
4>Fin.
