1>2>Imprimiendo Grafo
Cantidad de vÃ©rtices: 4
Cantidad de aristas: 3
1: (2,3)(3,4)(4,1).
2: (1,3).
3: (1,4).
4: (1,1).
3>Fin.
