1>2>Imprimiendo Grafo
Cantidad de vÃ©rtices: 3
Cantidad de aristas: 2
1: (3,3).
2: (3,1).
3: (1,3)(2,1).
3>Fin.
