1>2>Imprimiendo Grafo
Cantidad de vÃ©rtices: 4
Cantidad de aristas: 3
1: (2,1).
2: (1,1)(3,2).
3: (2,2)(4,5).
4: (3,5).
3>Fin.
