1>El grafo leído es:
Imprimiendo Grafo
Cantidad de vértices: 5
Cantidad de aristas: 6
1: (2,5)(3,3)(4,6).
2: (1,5)(3,2).
3: (1,3)(2,2)(4,4)(5,7).
4: (1,6)(3,4).
5: (3,7).
2>El costo del MST es: 16, y el MST:
Imprimiendo Grafo
Cantidad de vértices: 5
Cantidad de aristas: 4
1: (3,3).
2: (3,2).
3: (1,3)(2,2)(4,4)(5,7).
4: (3,4).
5: (3,7).
3>Fin.
