1>El grafo leído es:
Imprimiendo Grafo
Cantidad de vértices: 3
Cantidad de aristas: 3
1: (2,5)(3,3).
2: (1,5)(3,4).
3: (1,3)(2,4).
2>El costo del MST es: 7, y el MST:
Imprimiendo Grafo
Cantidad de vértices: 3
Cantidad de aristas: 2
1: (3,3).
2: (3,4).
3: (1,3)(2,4).
3>Fin.
