1>2>Hay un ciclo 
3>4>Hay orden topologico 
5>Fin.
