1>2>Hay orden topologico 
3>4>Hay un ciclo 
5>Fin.
