1>Grafo generado de tamaño 10000
Hay un ciclo 
2>Grafo generado de tamaño 10000
Hay orden topologico 
3>Fin.
