1>Grafo generado de tamaño 3000000
Hay un ciclo 
2>Grafo generado de tamaño 3000000
Hay orden topologico 
3>Fin.
