1>2>3>4>Max Datos Procesados: 10
5>Cantidad Datos Planificacion: 10
6>Fin.
