1>2>3>4>Max Datos Procesados: 11
5>Cantidad Datos Planificacion: 11
6>Fin.
