1>2>3>4>Max Datos Procesados: 13
5>Cantidad Datos Planificacion: 13
6>Fin.
