1>2>3>4>Max Datos Procesados: 81
5>Cantidad Datos Planificacion: 81
6>Fin.
